2026-06-20T17:15:49.2025001Z,Updating submodules.,72c0f1f3-7fa4-4e50-8215-62e2c2807850,0
2026-06-20T17:15:50.3520721Z,Preparing deployment for commit id '85d4f494-e'.,a79eae9e-fcea-4bac-9500-e6fff60c0609,0
2026-06-20T17:15:50.8502938Z,PreDeployment: context.CleanOutputPath False,e6905c62-9b9d-452b-a978-c0e88215433f,0
2026-06-20T17:15:51.0457509Z,PreDeployment: context.OutputPath /home/site/wwwroot,dc45b873-a9d6-4532-af40-42964035d63e,0
2026-06-20T17:15:51.2447902Z,Running build. Project type: OneDeploy,15b06b5a-e720-48c0-8fc1-cdd64579d0b5,0
2026-06-20T17:15:51.4208768Z,Copying the manifest,04c89775-b004-4089-93e1-bf52a71451ed,0
2026-06-20T17:15:51.6221883Z,Running deployment command...,7be3e398-0e9e-4a0e-a7aa-78c9707b33ee,0
	2026-06-20T17:15:51.6326154Z,Command: /opt/Kudu/Scripts/parallel_rsync.sh /tmp/zipdeploy/extracted /home/site/wwwroot 8 /tmp/ False False  ,,0
	2026-06-20T17:15:51.8901922Z,Run rsync from: /tmp/zipdeploy/extracted/ to: /home/site/wwwroot/ in 8 parallel threads,,0
	2026-06-20T17:15:51.9304225Z,Delete options: clean=False&comma; use manifest=False&comma; directory to ignore=,,0
	2026-06-20T17:15:51.9557089Z,Prev manifest = /home/site/deployments/de4e2f29-5e09-4e40-b1ae-f49e5787e2d7/manifest and next /home/site/deployments/85d4f494-e70b-49bf-9a05-bdcbf45c404a/manifest,,0
	2026-06-20T17:15:51.9806760Z,Cleaning up /tmp//filelist.txt and /tmp//splits,,0
	2026-06-20T17:15:52.0615986Z,Creating a list of all files at /tmp//filelist.txt,,0
	2026-06-20T17:15:52.1945003Z,No directory to exclude.,,0
	2026-06-20T17:15:52.2529568Z,Created /tmp//filelist.txt. Total number of files to be synced = 1.,,0
	2026-06-20T17:15:52.3730527Z,Created batches from the list of files. Processing 1 files in each thread,,0
	2026-06-20T17:15:52.4353693Z,Running rsync for filelist /tmp//splits/split.aa from /tmp/zipdeploy/extracted/ to /home/site/wwwroot/,,0
	2026-06-20T17:15:58.7356927Z,,,0
	2026-06-20T17:15:58.7583186Z,Number of files: 1 (reg: 1),,0
	2026-06-20T17:15:58.7696404Z,Number of created files: 0,,0
	2026-06-20T17:15:58.7807326Z,Number of deleted files: 0,,0
	2026-06-20T17:15:58.7950274Z,Number of regular files transferred: 1,,0
	2026-06-20T17:15:58.8502631Z,Total file size: 108.43M bytes,,0
	2026-06-20T17:15:58.8652788Z,Total transferred file size: 108.43M bytes,,0
	2026-06-20T17:15:58.8820757Z,Literal data: 108.43M bytes,,0
	2026-06-20T17:15:58.8957407Z,Matched data: 0 bytes,,0
	2026-06-20T17:15:58.9187597Z,File list size: 0,,0
	2026-06-20T17:15:58.9357540Z,File list generation time: 0.001 seconds,,0
	2026-06-20T17:15:58.9487655Z,File list transfer time: 0.000 seconds,,0
	2026-06-20T17:15:58.9666483Z,Total bytes sent: 97.44M,,0
	2026-06-20T17:15:58.9782498Z,Total bytes received: 35,,0
	2026-06-20T17:15:59.0187403Z,,,0
	2026-06-20T17:15:59.0358960Z,sent 97.44M bytes  received 35 bytes  14.99M bytes/sec,,0
	2026-06-20T17:15:59.0477119Z,total size is 108.43M  speedup is 1.11,,0
	2026-06-20T17:15:59.0694513Z,Attempt 1: Rsync for filelist /tmp//splits/split.aa completed with exit code 0,,0
	2026-06-20T17:15:59.0979868Z,Completed successfully in 7 seconds,,0
2026-06-20T17:15:59.2501922Z,Build completed succesfully.,f741db46-5602-4c6b-8ec2-e5c0281a8fd1,0
2026-06-20T17:15:59.4191773Z,Running post deployment command(s)...,79ce73af-0a42-4922-87ff-6d8e1a4b6bb9,0
2026-06-20T17:15:59.5920448Z,Triggering container recycle for OneDeploy by adding/updating restartTrigger.txt to the site root path,07ee2fac-0b4c-4f8a-b805-9c1059558b93,0
2026-06-20T17:15:59.8372247Z,Deployment successful. deployer = OneDeploy deploymentPath = OneDeploy,a2afd1b1-8482-4795-997f-de8306eb9a15,0
