2026-07-31T04:04:46.7072444Z     __ __          __      __    _ __     
2026-07-31T04:04:46.7074061Z    / //_/_  _ ____/ /_  __/ /   (_) /____ 
2026-07-31T04:04:46.7074101Z   / ,< / / / / __  / / / / /   / / __/ _  
2026-07-31T04:04:46.7074120Z  / /| / /_/ / /_/ / /_/ / /___/ / /_/  __/
2026-07-31T04:04:46.7074143Z /_/ |_\__,_/\__,_/\__,_/_____/_/\__/\___/ 
2026-07-31T04:04:46.7090062Z 
2026-07-31T04:04:46.7090265Z                                           
2026-07-31T04:04:46.7090330Z DEBUG CONSOLE | AZURE APP SERVICE ON LINUX
2026-07-31T04:04:46.7090349Z 
2026-07-31T04:04:46.7090368Z Documentation: http://aka.ms/webapp-linux
2026-07-31T04:04:46.7090396Z Kudu Version : 20260630.3
2026-07-31T04:04:46.7090418Z Commit       : c131cde5a9ad845d93a044a1f5b414d69efca8ad
2026-07-31T04:04:46.7090437Z Instance Name: lw0sdlwk000EQJ
2026-07-31T04:04:46.7090467Z Instance Id  : b52fd4878e83028273a1fd3a3fc9c0fb04eaea3948373313411f771b6a8bd977
2026-07-31T04:04:46.7090485Z 
2026-07-31T04:04:47.5396234Z chown: changing ownership of '/temp': Operation not permitted
2026-07-31T04:04:47.5593867Z chmod: changing permissions of '/temp': Operation not permitted
2026-07-31T04:04:53.4451903Z Restarting OpenBSD Secure Shell server: sshd.
2026-07-31T04:04:53.6355123Z node not running, starting node /opt/webssh/index.js
2026-07-31T04:05:20.7285772Z Fri Jul 31 04:05:20 UTC 2026 running .net core
2026-07-31T04:05:23.4754032Z Startup : 04.05.23.413065
2026-07-31T04:05:23.5468896Z Configure Services : 04.05.23.546676
2026-07-31T04:05:24.3562204Z Configure : 04.05.24.347556
2026-07-31T04:05:25.0507759Z Setting Up Routes : 04.05.25.050583
2026-07-31T04:05:25.1040081Z Exiting Configure : 04.05.25.103852
2026-07-31T04:05:25.3852404Z warn: Microsoft.AspNetCore.DataProtection.KeyManagement.XmlKeyManager[35]
2026-07-31T04:05:25.3853126Z       No XML encryptor configured. Key {999e4364-8713-4816-884c-ba959abdc7b2} may be persisted to storage in unencrypted form.
2026-07-31T04:05:25.6171153Z Hosting environment: Production
2026-07-31T04:05:25.6178503Z Content root path: /opt/Kudu
2026-07-31T04:05:25.6187147Z Now listening on: http://0.0.0.0:8181
2026-07-31T04:05:25.6194138Z Application started. Press Ctrl+C to shut down.
