2026-06-20T00:11:46.2353235Z,Updating submodules.,766c1a24-76f0-41d8-9792-ba3037db67e6,0
2026-06-20T00:11:47.4123901Z,Preparing deployment for commit id 'd0dc17c5-9'.,a4ed33cb-bcbf-4403-aead-f6cf78b164f0,0
2026-06-20T00:11:47.9420050Z,PreDeployment: context.CleanOutputPath False,f00ef814-ebd0-49de-a8e0-e2e49e5db2af,0
2026-06-20T00:11:48.1362374Z,PreDeployment: context.OutputPath /home/site/wwwroot,fd1d8f9f-a7e7-4932-8e44-f4c840a9adfb,0
2026-06-20T00:11:48.3578683Z,Running build. Project type: OneDeploy,70f51e7e-91c4-4f05-806a-579d26a9c673,0
2026-06-20T00:11:48.5344710Z,Copying the manifest,c684336d-f332-4590-905c-df48010af6ec,0
2026-06-20T00:11:48.7742545Z,Running deployment command...,9fa99158-a4bc-4373-9c51-26a903b5dbbb,0
	2026-06-20T00:11:48.7893111Z,Command: /opt/Kudu/Scripts/parallel_rsync.sh /tmp/zipdeploy/extracted /home/site/wwwroot 8 /tmp/ False False  ,,0
	2026-06-20T00:11:49.4835201Z,Run rsync from: /tmp/zipdeploy/extracted/ to: /home/site/wwwroot/ in 8 parallel threads,,0
	2026-06-20T00:11:49.7148136Z,Delete options: clean=False&comma; use manifest=False&comma; directory to ignore=,,0
	2026-06-20T00:11:49.7740287Z,Prev manifest = /home/site/deployments/2ac8a16a-3127-4d9b-be39-e3082d7e1211/manifest and next /home/site/deployments/d0dc17c5-94dc-481a-b387-2fc2473a9b3e/manifest,,0
	2026-06-20T00:11:49.8360478Z,Cleaning up /tmp//filelist.txt and /tmp//splits,,0
	2026-06-20T00:11:49.9064708Z,Creating a list of all files at /tmp//filelist.txt,,0
	2026-06-20T00:11:49.9674689Z,No directory to exclude.,,0
	2026-06-20T00:11:50.0273768Z,Created /tmp//filelist.txt. Total number of files to be synced = 1.,,0
	2026-06-20T00:11:50.1481634Z,Created batches from the list of files. Processing 1 files in each thread,,0
	2026-06-20T00:11:50.2368753Z,Running rsync for filelist /tmp//splits/split.aa from /tmp/zipdeploy/extracted/ to /home/site/wwwroot/,,0
	2026-06-20T00:11:58.2818216Z,,,0
	2026-06-20T00:11:58.3252462Z,Number of files: 1 (reg: 1),,0
	2026-06-20T00:11:58.3494399Z,Number of created files: 0,,0
	2026-06-20T00:11:58.3599213Z,Number of deleted files: 0,,0
	2026-06-20T00:11:58.3731857Z,Number of regular files transferred: 1,,0
	2026-06-20T00:11:58.3917704Z,Total file size: 108.43M bytes,,0
	2026-06-20T00:11:58.4067599Z,Total transferred file size: 108.43M bytes,,0
	2026-06-20T00:11:58.4235975Z,Literal data: 108.43M bytes,,0
	2026-06-20T00:11:58.4397207Z,Matched data: 0 bytes,,0
	2026-06-20T00:11:58.4618619Z,File list size: 0,,0
	2026-06-20T00:11:58.4759938Z,File list generation time: 0.001 seconds,,0
	2026-06-20T00:11:58.4946032Z,File list transfer time: 0.000 seconds,,0
	2026-06-20T00:11:58.5118839Z,Total bytes sent: 97.45M,,0
	2026-06-20T00:11:58.5239986Z,Total bytes received: 35,,0
	2026-06-20T00:11:58.5433257Z,,,0
	2026-06-20T00:11:58.5561792Z,sent 97.45M bytes  received 35 bytes  10.26M bytes/sec,,0
	2026-06-20T00:11:58.5681696Z,total size is 108.43M  speedup is 1.11,,0
	2026-06-20T00:11:58.5844375Z,Attempt 1: Rsync for filelist /tmp//splits/split.aa completed with exit code 0,,0
	2026-06-20T00:11:58.6074172Z,Completed successfully in 9 seconds,,0
2026-06-20T00:11:58.8313207Z,Build completed succesfully.,05f6ce2c-4ad2-4735-9168-e13160be720e,0
2026-06-20T00:11:59.0052231Z,Running post deployment command(s)...,1e57ddfc-9ce9-4db1-80f7-b62a97e94625,0
2026-06-20T00:11:59.1886563Z,Triggering container recycle for OneDeploy by adding/updating restartTrigger.txt to the site root path,93e7079d-c942-4de8-bf4c-34a010126a1f,0
2026-06-20T00:11:59.4812718Z,Deployment successful. deployer = OneDeploy deploymentPath = OneDeploy,bbe92442-c29f-42f9-af63-0d38fe539a64,0
