2026-06-20T00:55:48.7509658Z,Updating submodules.,ef91e7d8-aa72-470b-99c0-777bcb06df73,0
2026-06-20T00:55:49.9683845Z,Preparing deployment for commit id '6bf07e96-1'.,d9b95451-b5ae-4d82-a9c9-6b68a45bad21,0
2026-06-20T00:55:50.4086423Z,PreDeployment: context.CleanOutputPath False,a31d14b6-b966-4055-8853-d53720b016c1,0
2026-06-20T00:55:50.6102291Z,PreDeployment: context.OutputPath /home/site/wwwroot,fea0d158-18d0-4daf-87bb-e3d3c7289708,0
2026-06-20T00:55:50.8061706Z,Running build. Project type: OneDeploy,2c177262-7a17-4ef8-bdf8-4480afa76e80,0
2026-06-20T00:55:50.9713633Z,Copying the manifest,9d628d71-ec10-44fb-ba92-a6e68db20084,0
2026-06-20T00:55:51.1478953Z,Running deployment command...,40799e9f-6eca-4f93-a2d4-3870f195b8ad,0
	2026-06-20T00:55:51.1618487Z,Command: /opt/Kudu/Scripts/parallel_rsync.sh /tmp/zipdeploy/extracted /home/site/wwwroot 8 /tmp/ False False  ,,0
	2026-06-20T00:55:51.4166874Z,Run rsync from: /tmp/zipdeploy/extracted/ to: /home/site/wwwroot/ in 8 parallel threads,,0
	2026-06-20T00:55:51.4690701Z,Delete options: clean=False&comma; use manifest=False&comma; directory to ignore=,,0
	2026-06-20T00:55:51.5026963Z,Prev manifest = /home/site/deployments/d0dc17c5-94dc-481a-b387-2fc2473a9b3e/manifest and next /home/site/deployments/6bf07e96-17c7-42c7-85c3-e0297b9a315b/manifest,,0
	2026-06-20T00:55:51.5481056Z,Cleaning up /tmp//filelist.txt and /tmp//splits,,0
	2026-06-20T00:55:51.6878981Z,Creating a list of all files at /tmp//filelist.txt,,0
	2026-06-20T00:55:51.7585403Z,No directory to exclude.,,0
	2026-06-20T00:55:51.8796747Z,Created /tmp//filelist.txt. Total number of files to be synced = 1.,,0
	2026-06-20T00:55:52.1308354Z,Created batches from the list of files. Processing 1 files in each thread,,0
	2026-06-20T00:55:52.2127981Z,Running rsync for filelist /tmp//splits/split.aa from /tmp/zipdeploy/extracted/ to /home/site/wwwroot/,,0
	2026-06-20T00:55:57.9308340Z,,,0
	2026-06-20T00:55:57.9610364Z,Number of files: 1 (reg: 1),,0
	2026-06-20T00:55:57.9738813Z,Number of created files: 0,,0
	2026-06-20T00:55:57.9897832Z,Number of deleted files: 0,,0
	2026-06-20T00:55:58.0070572Z,Number of regular files transferred: 1,,0
	2026-06-20T00:55:58.0236482Z,Total file size: 108.43M bytes,,0
	2026-06-20T00:55:58.0348596Z,Total transferred file size: 108.43M bytes,,0
	2026-06-20T00:55:58.0525504Z,Literal data: 108.43M bytes,,0
	2026-06-20T00:55:58.0636684Z,Matched data: 0 bytes,,0
	2026-06-20T00:55:58.0760423Z,File list size: 0,,0
	2026-06-20T00:55:58.0949007Z,File list generation time: 0.030 seconds,,0
	2026-06-20T00:55:58.1073012Z,File list transfer time: 0.000 seconds,,0
	2026-06-20T00:55:58.1256994Z,Total bytes sent: 97.45M,,0
	2026-06-20T00:55:58.1411044Z,Total bytes received: 35,,0
	2026-06-20T00:55:58.1564488Z,,,0
	2026-06-20T00:55:58.1670184Z,sent 97.45M bytes  received 35 bytes  14.99M bytes/sec,,0
	2026-06-20T00:55:58.1781934Z,total size is 108.43M  speedup is 1.11,,0
	2026-06-20T00:55:58.1995185Z,Attempt 1: Rsync for filelist /tmp//splits/split.aa completed with exit code 0,,0
	2026-06-20T00:55:58.2310471Z,Completed successfully in 6 seconds,,0
2026-06-20T00:55:58.4317982Z,Build completed succesfully.,9ff3f6bf-6319-4cbc-a416-08f4dbca9c85,0
2026-06-20T00:55:58.5827523Z,Running post deployment command(s)...,83f0c7b0-b5ca-4e90-9b78-f31216010461,0
2026-06-20T00:55:58.7662450Z,Triggering container recycle for OneDeploy by adding/updating restartTrigger.txt to the site root path,9203aecd-87b9-4e81-b6a8-f7f17790df0b,0
2026-06-20T00:55:59.0676150Z,Deployment successful. deployer = OneDeploy deploymentPath = OneDeploy,dd22a6bc-ea9b-49f0-8fa1-fb449e8d005a,0
