2026-07-22T22:54:01.3434219Z,Updating submodules.,acc2a2e6-03e0-48a9-8f13-3c97523be868,0
2026-07-22T22:54:02.5519661Z,Preparing deployment for commit id '21911476-a'.,3d5f9e70-6483-4d08-bff7-2e505922106d,0
2026-07-22T22:54:03.1347959Z,PreDeployment: context.CleanOutputPath False,0eb0191c-ddf5-49eb-ade1-db888ef39266,0
2026-07-22T22:54:03.3462589Z,PreDeployment: context.OutputPath /home/site/wwwroot,c651f726-abee-4fca-b509-f8dd77a099de,0
2026-07-22T22:54:03.6396520Z,Running build. Project type: OneDeploy,017ee0a5-a379-4530-a1e5-86581a24a988,0
2026-07-22T22:54:03.8704805Z,Copying the manifest,7c4440dd-dc23-43bb-ba88-24d696394982,0
2026-07-22T22:54:04.1813019Z,Running deployment command...,12caecd0-162d-4923-a1a5-ae93097957d1,0
	2026-07-22T22:54:04.2026524Z,Command: /opt/Kudu/Scripts/parallel_rsync.sh /tmp/zipdeploy/extracted /home/site/wwwroot 8 /tmp/ False False  ,,0
	2026-07-22T22:54:05.5504396Z,Run rsync from: /tmp/zipdeploy/extracted/ to: /home/site/wwwroot/ in 8 parallel threads,,0
	2026-07-22T22:54:05.5683364Z,Delete options: clean=False&comma; use manifest=False&comma; directory to ignore=,,0
	2026-07-22T22:54:05.5799796Z,Prev manifest = /home/site/deployments/a3ca9fa4-1eab-406a-ad07-1dbe970a8106/manifest and next /home/site/deployments/21911476-a804-4fa7-af4b-5dca7063dfcd/manifest,,0
	2026-07-22T22:54:05.5986138Z,Cleaning up /tmp//filelist.txt and /tmp//splits,,0
	2026-07-22T22:54:05.6100912Z,Creating a list of all files at /tmp//filelist.txt,,0
	2026-07-22T22:54:05.6785051Z,No directory to exclude.,,0
	2026-07-22T22:54:05.7216562Z,Created /tmp//filelist.txt. Total number of files to be synced = 1.,,0
	2026-07-22T22:54:05.8409686Z,Created batches from the list of files. Processing 1 files in each thread,,0
	2026-07-22T22:54:05.8798585Z,Running rsync for filelist /tmp//splits/split.aa from /tmp/zipdeploy/extracted/ to /home/site/wwwroot/,,0
	2026-07-22T22:54:11.5113681Z,,,0
	2026-07-22T22:54:11.5249585Z,Number of files: 1 (reg: 1),,0
	2026-07-22T22:54:11.5342485Z,Number of created files: 0,,0
	2026-07-22T22:54:11.5622881Z,Number of deleted files: 0,,0
	2026-07-22T22:54:11.5941804Z,Number of regular files transferred: 1,,0
	2026-07-22T22:54:11.6234407Z,Total file size: 108.44M bytes,,0
	2026-07-22T22:54:11.6546377Z,Total transferred file size: 108.44M bytes,,0
	2026-07-22T22:54:11.6734491Z,Literal data: 108.44M bytes,,0
	2026-07-22T22:54:11.6950900Z,Matched data: 0 bytes,,0
	2026-07-22T22:54:11.7435008Z,File list size: 0,,0
	2026-07-22T22:54:11.7748221Z,File list generation time: 0.001 seconds,,0
	2026-07-22T22:54:11.7962455Z,File list transfer time: 0.000 seconds,,0
	2026-07-22T22:54:11.8359855Z,Total bytes sent: 97.41M,,0
	2026-07-22T22:54:11.8770501Z,Total bytes received: 35,,0
	2026-07-22T22:54:11.9045639Z,,,0
	2026-07-22T22:54:11.9341843Z,sent 97.41M bytes  received 35 bytes  14.99M bytes/sec,,0
	2026-07-22T22:54:11.9682638Z,total size is 108.44M  speedup is 1.11,,0
	2026-07-22T22:54:11.9800573Z,Attempt 1: Rsync for filelist /tmp//splits/split.aa completed with exit code 0,,0
	2026-07-22T22:54:11.9972342Z,Completed successfully in 6 seconds,,0
2026-07-22T22:54:12.7382771Z,Build completed succesfully.,d678f8a3-0a68-4025-8d0e-adb6b969182f,0
2026-07-22T22:54:12.8712547Z,Running post deployment command(s)...,18af17bc-9226-4b01-9d8e-dd2292d562e7,0
2026-07-22T22:54:13.0234247Z,Triggering container recycle for OneDeploy by adding/updating restartTrigger.txt to the site root path,b01c5484-16fc-42dd-b0ba-01f94653c4ad,0
2026-07-22T22:54:13.2454715Z,Deployment successful. deployer = OneDeploy deploymentPath = OneDeploy,aef89068-2e70-417f-b1ee-00984785c776,0
