2026-06-21T13:39:22.5729342Z,Updating submodules.,acb49db1-7cbf-4e0d-b757-8d208ced895a,0
2026-06-21T13:39:23.8473848Z,Preparing deployment for commit id '5a4e03a0-8'.,a292b5bf-93fa-4204-931f-50823ad03e48,0
2026-06-21T13:39:24.3334275Z,PreDeployment: context.CleanOutputPath False,03015a58-35e5-436b-a9d4-3090e475254b,0
2026-06-21T13:39:24.5171835Z,PreDeployment: context.OutputPath /home/site/wwwroot,72f75539-5d65-41a7-afc2-d85a2e2d8fc3,0
2026-06-21T13:39:24.7306364Z,Running build. Project type: OneDeploy,a3f83038-0480-4948-8f88-ff4829d62ac8,0
2026-06-21T13:39:24.9191022Z,Copying the manifest,87791dc2-348a-4939-9610-f1612a3d1c80,0
2026-06-21T13:39:25.2606378Z,Running deployment command...,02c6049a-2929-41db-95bd-c14088891316,0
	2026-06-21T13:39:25.2900959Z,Command: /opt/Kudu/Scripts/parallel_rsync.sh /tmp/zipdeploy/extracted /home/site/wwwroot 8 /tmp/ False False  ,,0
	2026-06-21T13:39:26.2088893Z,Run rsync from: /tmp/zipdeploy/extracted/ to: /home/site/wwwroot/ in 8 parallel threads,,0
	2026-06-21T13:39:26.2695387Z,Delete options: clean=False&comma; use manifest=False&comma; directory to ignore=,,0
	2026-06-21T13:39:26.3091059Z,Prev manifest = /home/site/deployments/85d4f494-e70b-49bf-9a05-bdcbf45c404a/manifest and next /home/site/deployments/5a4e03a0-8f5f-488a-8199-7ef2adfd840e/manifest,,0
	2026-06-21T13:39:26.4004956Z,Cleaning up /tmp//filelist.txt and /tmp//splits,,0
	2026-06-21T13:39:26.4812793Z,Creating a list of all files at /tmp//filelist.txt,,0
	2026-06-21T13:39:26.5389629Z,No directory to exclude.,,0
	2026-06-21T13:39:26.5893537Z,Created /tmp//filelist.txt. Total number of files to be synced = 1.,,0
	2026-06-21T13:39:26.6716860Z,Created batches from the list of files. Processing 1 files in each thread,,0
	2026-06-21T13:39:26.7529834Z,Running rsync for filelist /tmp//splits/split.aa from /tmp/zipdeploy/extracted/ to /home/site/wwwroot/,,0
	2026-06-21T13:39:33.1593085Z,,,0
	2026-06-21T13:39:33.1943477Z,Number of files: 1 (reg: 1),,0
	2026-06-21T13:39:33.2060586Z,Number of created files: 0,,0
	2026-06-21T13:39:33.2173167Z,Number of deleted files: 0,,0
	2026-06-21T13:39:33.2334871Z,Number of regular files transferred: 1,,0
	2026-06-21T13:39:33.2510140Z,Total file size: 108.43M bytes,,0
	2026-06-21T13:39:33.2683164Z,Total transferred file size: 108.43M bytes,,0
	2026-06-21T13:39:33.2809966Z,Literal data: 108.43M bytes,,0
	2026-06-21T13:39:33.2990708Z,Matched data: 0 bytes,,0
	2026-06-21T13:39:33.3169537Z,File list size: 0,,0
	2026-06-21T13:39:33.3285076Z,File list generation time: 0.001 seconds,,0
	2026-06-21T13:39:33.3430119Z,File list transfer time: 0.000 seconds,,0
	2026-06-21T13:39:33.3627375Z,Total bytes sent: 97.52M,,0
	2026-06-21T13:39:33.3778986Z,Total bytes received: 35,,0
	2026-06-21T13:39:33.3901943Z,,,0
	2026-06-21T13:39:33.4059653Z,sent 97.52M bytes  received 35 bytes  13.00M bytes/sec,,0
	2026-06-21T13:39:33.4161360Z,total size is 108.43M  speedup is 1.11,,0
	2026-06-21T13:39:33.4288979Z,Attempt 1: Rsync for filelist /tmp//splits/split.aa completed with exit code 0,,0
	2026-06-21T13:39:33.4495380Z,Completed successfully in 8 seconds,,0
2026-06-21T13:39:33.6137986Z,Build completed succesfully.,e2bc4cce-3583-41e3-b807-94cf20251661,0
2026-06-21T13:39:33.7997550Z,Running post deployment command(s)...,5c7cea68-b2ae-4e0c-8bb7-798aae819da5,0
2026-06-21T13:39:34.0058851Z,Triggering container recycle for OneDeploy by adding/updating restartTrigger.txt to the site root path,7f5763d2-b6f8-4aca-bb89-e76707f416cc,0
2026-06-21T13:39:35.6069362Z,Deployment successful. deployer = OneDeploy deploymentPath = OneDeploy,faabd9b4-6da8-4d6d-9e6d-adea6a134e89,0
